// Jest Snapshot v1, https://goo.gl/fbAQLP

exports[`HeaderList Compontes renders should render memoized component 1`] = `undefined`;
